** Drc report for iot.kicad_pcb **
** Created on 2026-04-27T18:26:17 **
** Report includes: Errors, Warnings **

** Found 8 DRC violations **
[clearance]: Clearance violation (netclass 'Power' clearance 0.5000 mm; actual 0.2698 mm)
    Rule: netclass 'Power'; error
    @(129.3500 mm, 104.3500 mm): Track [Net-(J2-Pin_1)] on F.Cu, length 3.3234 mm
    @(127.5000 mm, 104.0000 mm): PCB text 'e' on F.Cu
[shorting_items]: Items shorting two nets (nets <no net> and GND)
    Local override; error
    @(178.5000 mm, 63.0000 mm): PCB text 'View schematic for
components orientation.' on F.Cu
    @(199.3688 mm, 62.7512 mm): Track [GND] on F.Cu, length 27.0200 mm
[copper_edge_clearance]: Board edge clearance violation (board setup constraints edge clearance 0.5000 mm; actual 0.4777 mm)
    Rule: board setup constraints edge; error
    @(112.0000 mm, 49.0000 mm): Rectangle on Edge.Cuts
    @(113.0000 mm, 97.5000 mm): PCB text 'INPUT:
6-32V
(+-)' on F.Cu
[track_dangling]: Track has unconnected end
    Local override; warning
    @(135.0068 mm, 78.9814 mm): Track [Net-(U1-IN3)] on B.Cu, length 1.7659 mm
[track_dangling]: Track has unconnected end
    Local override; warning
    @(175.2920 mm, 78.8837 mm): Track [Net-(U1-IN3)] on B.Cu, length 0.9675 mm
[track_dangling]: Track has unconnected end
    Local override; warning
    @(223.3262 mm, 97.8950 mm): Track [Net-(JST-A1-Pin_8)] on B.Cu, length 1.9645 mm
[lib_footprint_mismatch]: Footprint 'MountingHole_4.3x6.2mm_M4_Pad' does not match copy in library 'MountingHole'
    Local override; warning
    @(224.5000 mm, 57.5000 mm): Footprint H3
[lib_footprint_mismatch]: Footprint 'MountingHole_4.3x6.2mm_M4_Pad' does not match copy in library 'MountingHole'
    Local override; warning
    @(224.5000 mm, 109.0000 mm): Footprint H2

** Found 0 unconnected pads **

** Found 0 Footprint errors **

** Ignored checks **
    - Footprint has no courtyard defined
    - Track endpoint not centered on via
    - Tuning profile track geometries
    - Footprint doesn't match symbol's footprint filters
    - Footprint component type doesn't match footprint pads

** End of Report **
